// Jest Snapshot v1, https://goo.gl/fbAQLP

exports[`MarinadeState getStakeStates 1`] = `
[
  StakeState {
    "Stake": StakeState {
      "meta": Meta {
        "authorized": Authorized {
          "staker": "4bZ6o3eUUNXhKuqjdCnCoPAoLgWiuLYixKaxoa8PpiKk",
          "withdrawer": "9eG63CdHjsfhHmobHgLtESGC8GabbmRcaSpHAZrtmhco",
        },
        "lockup": Lockup {
          "custodian": "11111111111111111111111111111111",
          "epoch": "00",
          "unixTimestamp": "00",
        },
        "rentExemptReserve": "22d580",
      },
      "stake": Stake {
        "creditsObserved": "041013d8",
        "delegation": Delegation {
          "activationEpoch": "93",
          "deactivationEpoch": "ffffffffffffffff",
          "stake": "8272040b",
          "voterPubkey": "5MMCR4NbTZqjthjLGywmeT66iwE9J9f7kjtxzJjwfUx2",
          "warmupCooldownRate": {
            "value": 0.25,
          },
        },
      },
    },
  },
]
`;
